// Vitest Snapshot v1

exports[`mount App > mount component 1`] = `"<div class=\\"files-wrapper\\"></div>"`;
