// Vitest Snapshot v1

exports[`mount App > mount component 1`] = `"<p class=\\"text-h2 text-grey\\"> Garmin Track-Combiner </p>"`;
